\BOOKMARK [1][-]{section.1}{\376\377\000G\000i\036\333\000i\000\040\000t\000h\000i\036\307\000u\000\040\000d\036\361\000\040\000\341\000n}{}% 1
\BOOKMARK [2][-]{subsection.1.1}{\376\377\000T\036\325\000n\000g\000\040\000q\000u\000a\000n}{section.1}% 2
\BOOKMARK [2][-]{subsection.1.2}{\376\377\000K\000i\036\277\000n\000\040\000t\000r\000\372\000c\000\040\000h\036\307\000\040\000t\000h\036\321\000n\000g}{section.1}% 3
\BOOKMARK [2][-]{subsection.1.3}{\376\377\000C\000h\036\351\000c\000\040\000n\001\003\000n\000g\000\040\000c\000h\000\355\000n\000h}{section.1}% 4
\BOOKMARK [3][-]{subsubsection.1.3.1}{\376\377\000A\000u\000t\000h\000e\000n\000t\000i\000c\000a\000t\000i\000o\000n\000\040\000M\000o\000d\000u\000l\000e}{subsection.1.3}% 5
\BOOKMARK [3][-]{subsubsection.1.3.2}{\376\377\000P\000r\000o\000d\000u\000c\000t\000\040\000M\000a\000n\000a\000g\000e\000m\000e\000n\000t\000\040\000M\000o\000d\000u\000l\000e}{subsection.1.3}% 6
\BOOKMARK [2][-]{subsection.1.4}{\376\377\000M\000\364\000i\000\040\000t\000r\001\260\036\335\000n\000g\000\040\000p\000h\000\341\000t\000\040\000t\000r\000i\036\303\000n}{section.1}% 7
\BOOKMARK [1][-]{section.2}{\376\377\000P\000h\000\342\000n\000\040\000t\000\355\000c\000h\000\040\000v\000\340\000\040\000t\000h\000i\036\277\000t\000\040\000k\036\277\000\040\000T\000e\000s\000t\000\040\000C\000a\000s\000e}{}% 8
\BOOKMARK [2][-]{subsection.2.1}{\376\377\000T\036\325\000n\000g\000\040\000q\000u\000a\000n\000\040\000d\036\361\000\040\000\341\000n}{section.2}% 9
\BOOKMARK [2][-]{subsection.2.2}{\376\377\000P\000h\000\342\000n\000\040\000t\000\355\000c\000h\000\040\000y\000\352\000u\000\040\000c\036\247\000u\000\040\000k\000i\036\303\000m\000\040\000t\000h\036\355}{section.2}% 10
\BOOKMARK [3][-]{subsubsection.2.2.1}{\376\377\000M\000o\000d\000u\000l\000e\000\040\000A\000u\000t\000h\000e\000n\000t\000i\000c\000a\000t\000i\000o\000n}{subsection.2.2}% 11
\BOOKMARK [3][-]{subsubsection.2.2.2}{\376\377\000M\000o\000d\000u\000l\000e\000\040\000P\000r\000o\000d\000u\000c\000t\000\040\000M\000a\000n\000a\000g\000e\000m\000e\000n\000t}{subsection.2.2}% 12
\BOOKMARK [2][-]{subsection.2.3}{\376\377\000M\000a\000\040\000t\000r\036\255\000n\000\040\000T\000e\000s\000t\000\040\000C\000o\000v\000e\000r\000a\000g\000e}{section.2}% 13
\BOOKMARK [2][-]{subsection.2.4}{\376\377\000T\000h\000i\036\277\000t\000\040\000k\036\277\000\040\000T\000e\000s\000t\000\040\000C\000a\000s\000e}{section.2}% 14
\BOOKMARK [3][-]{subsubsection.2.4.1}{\376\377\000T\000e\000s\000t\000\040\000C\000a\000s\000e\000\040\000c\000h\000o\000\040\000A\000u\000t\000h\000e\000n\000t\000i\000c\000a\000t\000i\000o\000n\000\040\000M\000o\000d\000u\000l\000e}{subsection.2.4}% 15
\BOOKMARK [3][-]{subsubsection.2.4.2}{\376\377\000T\000e\000s\000t\000\040\000C\000a\000s\000e\000\040\000c\000h\000o\000\040\000P\000r\000o\000d\000u\000c\000t\000\040\000M\000a\000n\000a\000g\000e\000m\000e\000n\000t\000\040\000M\000o\000d\000u\000l\000e}{subsection.2.4}% 16
\BOOKMARK [2][-]{subsection.2.5}{\376\377\000T\000e\000s\000t\000\040\000C\000o\000v\000e\000r\000a\000g\000e\000\040\000M\000e\000t\000r\000i\000c\000s}{section.2}% 17
\BOOKMARK [3][-]{subsubsection.2.5.1}{\376\377\000C\000o\000v\000e\000r\000a\000g\000e\000\040\000G\000o\000a\000l\000s}{subsection.2.5}% 18
\BOOKMARK [3][-]{subsubsection.2.5.2}{\376\377\000C\000o\000v\000e\000r\000a\000g\000e\000\040\000b\000y\000\040\000M\000o\000d\000u\000l\000e}{subsection.2.5}% 19
\BOOKMARK [2][-]{subsection.2.6}{\376\377\000C\000h\000i\036\277\000n\000\040\000l\001\260\036\343\000c\000\040\000K\000i\036\303\000m\000\040\000t\000h\036\355}{section.2}% 20
\BOOKMARK [3][-]{subsubsection.2.6.1}{\376\377\000T\000e\000s\000t\000\040\000P\000y\000r\000a\000m\000i\000d\000\040\000A\000p\000p\000r\000o\000a\000c\000h}{subsection.2.6}% 21
\BOOKMARK [3][-]{subsubsection.2.6.2}{\376\377\000T\000e\000s\000t\000i\000n\000g\000\040\000T\000o\000o\000l\000s\000\040\000v\000\340\000\040\000F\000r\000a\000m\000e\000w\000o\000r\000k\000s}{subsection.2.6}% 22
\BOOKMARK [3][-]{subsubsection.2.6.3}{\376\377\000T\000e\000s\000t\000\040\000E\000x\000e\000c\000u\000t\000i\000o\000n\000\040\000S\000t\000r\000a\000t\000e\000g\000y}{subsection.2.6}% 23
\BOOKMARK [1][-]{section.3}{\376\377\000U\000n\000i\000t\000\040\000T\000e\000s\000t\000i\000n\000g\000\040\000v\000\340\000\040\000T\000e\000s\000t\000-\000D\000r\000i\000v\000e\000n\000\040\000D\000e\000v\000e\000l\000o\000p\000m\000e\000n\000t}{}% 24
\BOOKMARK [2][-]{subsection.3.1}{\376\377\000G\000i\036\333\000i\000\040\000t\000h\000i\036\307\000u\000\040\000T\000D\000D}{section.3}% 25
\BOOKMARK [2][-]{subsection.3.2}{\376\377\000U\000n\000i\000t\000\040\000T\000e\000s\000t\000i\000n\000g\000\040\000-\000\040\000L\000o\000g\000i\000n\000\040\000M\000o\000d\000u\000l\000e}{section.3}% 26
\BOOKMARK [3][-]{subsubsection.3.2.1}{\376\377\000F\000r\000o\000n\000t\000e\000n\000d\000\040\000U\000n\000i\000t\000\040\000T\000e\000s\000t\000s\000\040\000-\000\040\000L\000o\000g\000i\000n\000\040\000V\000a\000l\000i\000d\000a\000t\000i\000o\000n}{subsection.3.2}% 27
\BOOKMARK [3][-]{subsubsection.3.2.2}{\376\377\000B\000a\000c\000k\000e\000n\000d\000\040\000U\000n\000i\000t\000\040\000T\000e\000s\000t\000s\000\040\000-\000\040\000A\000u\000t\000h\000S\000e\000r\000v\000i\000c\000e}{subsection.3.2}% 28
\BOOKMARK [2][-]{subsection.3.3}{\376\377\000U\000n\000i\000t\000\040\000T\000e\000s\000t\000i\000n\000g\000\040\000-\000\040\000P\000r\000o\000d\000u\000c\000t\000\040\000M\000o\000d\000u\000l\000e}{section.3}% 29
\BOOKMARK [3][-]{subsubsection.3.3.1}{\376\377\000F\000r\000o\000n\000t\000e\000n\000d\000\040\000U\000n\000i\000t\000\040\000T\000e\000s\000t\000s\000\040\000-\000\040\000P\000r\000o\000d\000u\000c\000t\000\040\000V\000a\000l\000i\000d\000a\000t\000i\000o\000n}{subsection.3.3}% 30
\BOOKMARK [3][-]{subsubsection.3.3.2}{\376\377\000B\000a\000c\000k\000e\000n\000d\000\040\000U\000n\000i\000t\000\040\000T\000e\000s\000t\000s\000\040\000-\000\040\000P\000r\000o\000d\000u\000c\000t\000S\000e\000r\000v\000i\000c\000e}{subsection.3.3}% 31
\BOOKMARK [2][-]{subsection.3.4}{\376\377\000K\036\277\000t\000\040\000q\000u\036\243\000\040\000U\000n\000i\000t\000\040\000T\000e\000s\000t\000\040\000v\000\340\000\040\000C\000o\000v\000e\000r\000a\000g\000e}{section.3}% 32
\BOOKMARK [3][-]{subsubsection.3.4.1}{\376\377\000C\000o\000v\000e\000r\000a\000g\000e\000\040\000R\000e\000p\000o\000r\000t}{subsection.3.4}% 33
\BOOKMARK [2][-]{subsection.3.5}{\376\377\000B\000\340\000i\000\040\000h\036\315\000c\000\040\000k\000i\000n\000h\000\040\000n\000g\000h\000i\036\307\000m}{section.3}% 34
\BOOKMARK [1][-]{section.4}{\376\377\000I\000n\000t\000e\000g\000r\000a\000t\000i\000o\000n\000\040\000T\000e\000s\000t\000i\000n\000g}{}% 35
\BOOKMARK [2][-]{subsection.4.1}{\376\377\000G\000i\036\333\000i\000\040\000t\000h\000i\036\307\000u\000\040\000I\000n\000t\000e\000g\000r\000a\000t\000i\000o\000n\000\040\000T\000e\000s\000t\000i\000n\000g}{section.4}% 36
\BOOKMARK [3][-]{subsubsection.4.1.1}{\376\377\000C\000\341\000c\000\040\000l\000o\036\241\000i\000\040\000I\000n\000t\000e\000g\000r\000a\000t\000i\000o\000n\000\040\000T\000e\000s\000t\000i\000n\000g}{subsection.4.1}% 37
\BOOKMARK [2][-]{subsection.4.2}{\376\377\000I\000n\000t\000e\000g\000r\000a\000t\000i\000o\000n\000\040\000T\000e\000s\000t\000\040\000-\000\040\000L\000o\000g\000i\000n\000\040\000M\000o\000d\000u\000l\000e}{section.4}% 38
\BOOKMARK [3][-]{subsubsection.4.2.1}{\376\377\000F\000r\000o\000n\000t\000e\000n\000d\000\040\000I\000n\000t\000e\000g\000r\000a\000t\000i\000o\000n\000\040\000T\000e\000s\000t\000\040\000-\000\040\000L\000o\000g\000i\000n\000\040\000C\000o\000m\000p\000o\000n\000e\000n\000t}{subsection.4.2}% 39
\BOOKMARK [3][-]{subsubsection.4.2.2}{\376\377\000B\000a\000c\000k\000e\000n\000d\000\040\000I\000n\000t\000e\000g\000r\000a\000t\000i\000o\000n\000\040\000T\000e\000s\000t\000\040\000-\000\040\000A\000u\000t\000h\000C\000o\000n\000t\000r\000o\000l\000l\000e\000r}{subsection.4.2}% 40
\BOOKMARK [2][-]{subsection.4.3}{\376\377\000I\000n\000t\000e\000g\000r\000a\000t\000i\000o\000n\000\040\000T\000e\000s\000t\000\040\000-\000\040\000P\000r\000o\000d\000u\000c\000t\000\040\000M\000o\000d\000u\000l\000e}{section.4}% 41
\BOOKMARK [3][-]{subsubsection.4.3.1}{\376\377\000F\000r\000o\000n\000t\000e\000n\000d\000\040\000I\000n\000t\000e\000g\000r\000a\000t\000i\000o\000n\000\040\000T\000e\000s\000t\000\040\000-\000\040\000P\000r\000o\000d\000u\000c\000t\000\040\000C\000o\000m\000p\000o\000n\000e\000n\000t\000s}{subsection.4.3}% 42
\BOOKMARK [3][-]{subsubsection.4.3.2}{\376\377\000B\000a\000c\000k\000e\000n\000d\000\040\000I\000n\000t\000e\000g\000r\000a\000t\000i\000o\000n\000\040\000T\000e\000s\000t\000\040\000-\000\040\000P\000r\000o\000d\000u\000c\000t\000C\000o\000n\000t\000r\000o\000l\000l\000e\000r}{subsection.4.3}% 43
\BOOKMARK [2][-]{subsection.4.4}{\376\377\000I\000n\000t\000e\000g\000r\000a\000t\000i\000o\000n\000\040\000T\000e\000s\000t\000\040\000v\036\333\000i\000\040\000R\000o\000u\000t\000i\000n\000g\000\040\000v\000\340\000\040\000N\000a\000v\000i\000g\000a\000t\000i\000o\000n}{section.4}% 44
\BOOKMARK [2][-]{subsection.4.5}{\376\377\000K\036\277\000t\000\040\000q\000u\036\243\000\040\000I\000n\000t\000e\000g\000r\000a\000t\000i\000o\000n\000\040\000T\000e\000s\000t\000i\000n\000g}{section.4}% 45
\BOOKMARK [2][-]{subsection.4.6}{\376\377\000N\000h\036\255\000n\000\040\000x\000\351\000t}{section.4}% 46
\BOOKMARK [1][-]{section.5}{\376\377\000M\000o\000c\000k\000\040\000T\000e\000s\000t\000i\000n\000g}{}% 47
\BOOKMARK [2][-]{subsection.5.1}{\376\377\000G\000i\036\333\000i\000\040\000t\000h\000i\036\307\000u\000\040\000M\000o\000c\000k\000\040\000T\000e\000s\000t\000i\000n\000g}{section.5}% 48
\BOOKMARK [2][-]{subsection.5.2}{\376\377\000M\000o\000c\000k\000\040\000T\000e\000s\000t\000i\000n\000g\000\040\000c\000h\000o\000\040\000L\000o\000g\000i\000n\000\040\000M\000o\000d\000u\000l\000e}{section.5}% 49
\BOOKMARK [3][-]{subsubsection.5.2.1}{\376\377\000F\000r\000o\000n\000t\000e\000n\000d\000\040\000L\000o\000g\000i\000n\000\040\000M\000o\000c\000k\000\040\000T\000e\000s\000t\000s}{subsection.5.2}% 50
\BOOKMARK [3][-]{subsubsection.5.2.2}{\376\377\000B\000a\000c\000k\000e\000n\000d\000\040\000L\000o\000g\000i\000n\000\040\000M\000o\000c\000k\000\040\000T\000e\000s\000t\000s}{subsection.5.2}% 51
\BOOKMARK [2][-]{subsection.5.3}{\376\377\000M\000o\000c\000k\000\040\000T\000e\000s\000t\000i\000n\000g\000\040\000c\000h\000o\000\040\000P\000r\000o\000d\000u\000c\000t\000\040\000M\000o\000d\000u\000l\000e}{section.5}% 52
\BOOKMARK [3][-]{subsubsection.5.3.1}{\376\377\000M\000o\000c\000k\000\040\000S\000e\000r\000v\000i\000c\000e\000\040\000-\000\040\000F\000r\000o\000n\000t\000e\000n\000d\000\040\000P\000r\000o\000d\000u\000c\000t\000\040\000C\000R\000U\000D}{subsection.5.3}% 53
\BOOKMARK [2][-]{subsection.5.4}{\376\377\000M\000o\000c\000k\000\040\000C\000o\000m\000p\000o\000n\000e\000n\000t\000\040\000t\000r\000o\000n\000g\000\040\000R\000e\000a\000c\000t\000\040\000T\000e\000s\000t\000i\000n\000g\000\040\000L\000i\000b\000r\000a\000r\000y}{section.5}% 54
\BOOKMARK [3][-]{subsubsection.5.4.1}{\376\377\000M\000o\000c\000k\000\040\000P\000r\000o\000d\000u\000c\000t\000L\000i\000s\000t\000\040\000C\000o\000m\000p\000o\000n\000e\000n\000t}{subsection.5.4}% 55
\BOOKMARK [2][-]{subsection.5.5}{\376\377\000M\000o\000c\000k\000\040\000B\000a\000c\000k\000e\000n\000d\000\040\000S\000e\000r\000v\000i\000c\000e\000\040\000-\000\040\000P\000r\000o\000d\000u\000c\000t\000S\000e\000r\000v\000i\000c\000e}{section.5}% 56
\BOOKMARK [2][-]{subsection.5.6}{\376\377\000K\036\277\000t\000\040\000q\000u\036\243\000\040\000M\000o\000c\000k\000\040\000T\000e\000s\000t\000i\000n\000g}{section.5}% 57
\BOOKMARK [1][-]{section.6}{\376\377\000C\000I\000/\000C\000D\000\040\000v\000\340\000\040\000E\000n\000d\000-\000t\000o\000-\000E\000n\000d\000\040\000T\000e\000s\000t\000i\000n\000g}{}% 58
\BOOKMARK [2][-]{subsection.6.1}{\376\377\000C\000I\000/\000C\000D\000\040\000P\000i\000p\000e\000l\000i\000n\000e}{section.6}% 59
\BOOKMARK [3][-]{subsubsection.6.1.1}{\376\377\000W\000o\000r\000k\000f\000l\000o\000w\000\040\000C\000o\000n\000f\000i\000g\000u\000r\000a\000t\000i\000o\000n}{subsection.6.1}% 60
\BOOKMARK [2][-]{subsection.6.2}{\376\377\000E\000n\000d\000-\000t\000o\000-\000E\000n\000d\000\040\000T\000e\000s\000t\000i\000n\000g\000\040\000v\036\333\000i\000\040\000C\000y\000p\000r\000e\000s\000s}{section.6}% 61
\BOOKMARK [3][-]{subsubsection.6.2.1}{\376\377\000C\000y\000p\000r\000e\000s\000s\000\040\000C\000o\000n\000f\000i\000g\000u\000r\000a\000t\000i\000o\000n}{subsection.6.2}% 62
\BOOKMARK [3][-]{subsubsection.6.2.2}{\376\377\000E\0002\000E\000\040\000T\000e\000s\000t\000\040\000C\000a\000s\000e\000s}{subsection.6.2}% 63
\BOOKMARK [2][-]{subsection.6.3}{\376\377\000K\036\277\000t\000\040\000q\000u\036\243\000\040\000C\000I\000/\000C\000D}{section.6}% 64
\BOOKMARK [1][-]{section.7}{\376\377\000B\000o\000n\000u\000s\000:\000\040\000P\000e\000r\000f\000o\000r\000m\000a\000n\000c\000e\000\040\000\046\000\040\000S\000e\000c\000u\000r\000i\000t\000y\000\040\000T\000e\000s\000t\000i\000n\000g}{}% 65
\BOOKMARK [2][-]{subsection.7.1}{\376\377\000P\000e\000r\000f\000o\000r\000m\000a\000n\000c\000e\000\040\000T\000e\000s\000t\000i\000n\000g\000\040\000v\036\333\000i\000\040\000K\0006}{section.7}% 66
\BOOKMARK [3][-]{subsubsection.7.1.1}{\376\377\000L\000o\000g\000i\000n\000\040\000P\000e\000r\000f\000o\000r\000m\000a\000n\000c\000e\000\040\000T\000e\000s\000t}{subsection.7.1}% 67
\BOOKMARK [3][-]{subsubsection.7.1.2}{\376\377\000P\000r\000o\000d\000u\000c\000t\000\040\000A\000P\000I\000\040\000P\000e\000r\000f\000o\000r\000m\000a\000n\000c\000e\000\040\000T\000e\000s\000t}{subsection.7.1}% 68
\BOOKMARK [3][-]{subsubsection.7.1.3}{\376\377\000K\036\277\000t\000\040\000q\000u\036\243\000\040\000P\000e\000r\000f\000o\000r\000m\000a\000n\000c\000e\000\040\000T\000e\000s\000t\000i\000n\000g}{subsection.7.1}% 69
\BOOKMARK [2][-]{subsection.7.2}{\376\377\000S\000e\000c\000u\000r\000i\000t\000y\000\040\000T\000e\000s\000t\000i\000n\000g\000\040\000v\000o\000i\000\040\000O\000W\000A\000S\000P\000\040\000Z\000A\000P}{section.7}% 70
\BOOKMARK [3][-]{subsubsection.7.2.1}{\376\377\000G\000i\000o\000i\000\040\000t\000h\000i\000e\000u\000\040\000O\000W\000A\000S\000P\000\040\000Z\000A\000P}{subsection.7.2}% 71
\BOOKMARK [3][-]{subsubsection.7.2.2}{\376\377\000T\000h\000i\000e\000t\000\040\000l\000a\000p\000\040\000v\000a\000\040\000S\000c\000a\000n}{subsection.7.2}% 72
\BOOKMARK [3][-]{subsubsection.7.2.3}{\376\377\000a\000\051\000\040\000T\000e\000s\000t\000\040\000C\000o\000m\000m\000o\000n\000\040\000V\000u\000l\000n\000e\000r\000a\000b\000i\000l\000i\000t\000i\000e\000s\000\040\000\050\0005\000\040\000d\000i\000e\000m\000\051}{subsection.7.2}% 73
\BOOKMARK [3][-]{subsubsection.7.2.4}{\376\377\000b\000\051\000\040\000I\000n\000p\000u\000t\000\040\000V\000a\000l\000i\000d\000a\000t\000i\000o\000n\000\040\000v\000a\000\040\000S\000a\000n\000i\000t\000i\000z\000a\000t\000i\000o\000n\000\040\000\050\0003\000\040\000d\000i\000e\000m\000\051}{subsection.7.2}% 74
\BOOKMARK [3][-]{subsubsection.7.2.5}{\376\377\000c\000\051\000\040\000S\000e\000c\000u\000r\000i\000t\000y\000\040\000B\000e\000s\000t\000\040\000P\000r\000a\000c\000t\000i\000c\000e\000s\000\040\000\050\0002\000\040\000d\000i\000e\000m\000\051}{subsection.7.2}% 75
\BOOKMARK [3][-]{subsubsection.7.2.6}{\376\377\000K\000e\000t\000\040\000q\000u\000a\000\040\000S\000e\000c\000u\000r\000i\000t\000y\000\040\000S\000c\000a\000n\000\040\000T\000o\000n\000g\000\040\000h\000o\000p}{subsection.7.2}% 76
\BOOKMARK [3][-]{subsubsection.7.2.7}{\376\377\000S\000e\000c\000u\000r\000i\000t\000y\000\040\000R\000e\000c\000o\000m\000m\000e\000n\000d\000a\000t\000i\000o\000n\000s}{subsection.7.2}% 77
\BOOKMARK [2][-]{subsection.7.3}{\376\377\000K\036\277\000t\000\040\000l\000u\036\255\000n\000\040\000B\000o\000n\000u\000s\000\040\000S\000e\000c\000t\000i\000o\000n}{section.7}% 78
\BOOKMARK [1][-]{section.8}{\376\377\000K\036\277\000t\000\040\000l\000u\036\255\000n}{}% 79
\BOOKMARK [2][-]{subsection.8.1}{\376\377\000T\036\325\000n\000g\000\040\000k\036\277\000t\000\040\000k\036\277\000t\000\040\000q\000u\036\243\000\040\000t\000e\000s\000t\000i\000n\000g}{section.8}% 80
\BOOKMARK [2][-]{subsection.8.2}{\376\377\000C\000o\000d\000e\000\040\000C\000o\000v\000e\000r\000a\000g\000e}{section.8}% 81
\BOOKMARK [2][-]{subsection.8.3}{\376\377\001\020\036\241\000t\000\040\001\021\001\260\036\343\000c}{section.8}% 82
\BOOKMARK [2][-]{subsection.8.4}{\376\377\000B\000\340\000i\000\040\000h\036\315\000c\000\040\000k\000i\000n\000h\000\040\000n\000g\000h\000i\036\307\000m}{section.8}% 83
\BOOKMARK [2][-]{subsection.8.5}{\376\377\000H\036\241\000n\000\040\000c\000h\036\277\000\040\000v\000\340\000\040\000h\001\260\036\333\000n\000g\000\040\000p\000h\000\341\000t\000\040\000t\000r\000i\036\303\000n}{section.8}% 84
\BOOKMARK [2][-]{subsection.8.6}{\376\377\000K\036\277\000t\000\040\000l\000u\036\255\000n\000\040\000c\000u\036\321\000i\000\040\000c\000\371\000n\000g}{section.8}% 85
\BOOKMARK [1][-]{section.9}{\376\377\000T\000\340\000i\000\040\000l\000i\036\307\000u\000\040\000t\000h\000a\000m\000\040\000k\000h\036\243\000o}{}% 86
