\BOOKMARK [1][-]{section*.3}{\376\377\001\020\000\363\000n\000g\000\040\000G\000\363\000p\000\040\000C\036\347\000a\000\040\000N\000h\000\363\000m}{}% 1
\BOOKMARK [1][-]{section.1}{\376\377\000G\000I\036\332\000I\000\040\000T\000H\000I\036\306\000U\000\040\000D\036\360\000\040\000\301\000N}{}% 2
\BOOKMARK [2][-]{subsection.1.1}{\376\377\000T\036\325\000n\000g\000\040\000q\000u\000a\000n}{section.1}% 3
\BOOKMARK [2][-]{subsection.1.2}{\376\377\000C\000\364\000n\000g\000\040\000n\000g\000h\036\307\000\040\000s\036\355\000\040\000d\036\345\000n\000g}{section.1}% 4
\BOOKMARK [1][-]{section.2}{\376\377\000C\000\302\000U\000\040\0001\000:\000\040\000P\000H\000\302\000N\000\040\000T\000\315\000C\000H\000\040\000V\000\300\000\040\000T\000H\000I\036\276\000T\000\040\000K\036\276\000\040\000T\000E\000S\000T\000\040\000C\000A\000S\000E\000S}{}% 5
\BOOKMARK [2][-]{subsection.2.1}{\376\377\000C\000\342\000u\000\040\0001\000.\0001\000:\000\040\000L\000o\000g\000i\000n\000\040\000-\000\040\000P\000h\000\342\000n\000\040\000t\000\355\000c\000h\000\040\000v\000\340\000\040\000T\000e\000s\000t\000\040\000S\000c\000e\000n\000a\000r\000i\000o\000s\000\040\000\050\0001\0000\000\040\001\021\000i\036\303\000m\000\051}{section.2}% 6
\BOOKMARK [3][-]{subsubsection.2.1.1}{\376\377\000Y\000\352\000u\000\040\000c\036\247\000u\000\040\000\050\0005\000\040\001\021\000i\036\303\000m\000\051}{subsection.2.1}% 7
\BOOKMARK [3][-]{subsubsection.2.1.2}{\376\377\000T\000e\000s\000t\000\040\000S\000c\000e\000n\000a\000r\000i\000o\000s\000\040\000c\000h\000o\000\040\000L\000o\000g\000i\000n\000\040\000\050\0002\000\040\001\021\000i\036\303\000m\000\051}{subsection.2.1}% 8
\BOOKMARK [3][-]{subsubsection.2.1.3}{\376\377\000T\000h\000i\036\277\000t\000\040\000k\036\277\000\040\000T\000e\000s\000t\000\040\000C\000a\000s\000e\000s\000\040\000c\000h\000i\000\040\000t\000i\036\277\000t\000\040\000\050\0005\000\040\001\021\000i\036\303\000m\000\051}{subsection.2.1}% 9
\BOOKMARK [2][-]{subsection.2.2}{\376\377\000C\000\342\000u\000\040\0001\000.\0002\000:\000\040\000P\000r\000o\000d\000u\000c\000t\000\040\000-\000\040\000P\000h\000\342\000n\000\040\000t\000\355\000c\000h\000\040\000v\000\340\000\040\000T\000e\000s\000t\000\040\000S\000c\000e\000n\000a\000r\000i\000o\000s\000\040\000\050\0001\0000\000\040\001\021\000i\036\303\000m\000\051}{section.2}% 10
\BOOKMARK [3][-]{subsubsection.2.2.1}{\376\377\000Y\000\352\000u\000\040\000c\036\247\000u\000\040\000\050\0005\000\040\001\021\000i\036\303\000m\000\051}{subsection.2.2}% 11
\BOOKMARK [3][-]{subsubsection.2.2.2}{\376\377\000T\000e\000s\000t\000\040\000S\000c\000e\000n\000a\000r\000i\000o\000s\000\040\000c\000h\000o\000\040\000P\000r\000o\000d\000u\000c\000t\000\040\000\050\0002\000\040\001\021\000i\036\303\000m\000\051}{subsection.2.2}% 12
\BOOKMARK [3][-]{subsubsection.2.2.3}{\376\377\000T\000h\000i\036\277\000t\000\040\000k\036\277\000\040\000T\000e\000s\000t\000\040\000C\000a\000s\000e\000s\000\040\000c\000h\000i\000\040\000t\000i\036\277\000t\000\040\000\050\0005\000\040\001\021\000i\036\303\000m\000\051}{subsection.2.2}% 13
\BOOKMARK [1][-]{section.3}{\376\377\000C\000\302\000U\000\040\0002\000:\000\040\000U\000N\000I\000T\000\040\000T\000E\000S\000T\000I\000N\000G\000\040\000V\000\300\000\040\000T\000D\000D}{}% 14
\BOOKMARK [2][-]{subsection.3.1}{\376\377\000F\000r\000o\000n\000t\000e\000n\000d\000\040\000U\000n\000i\000t\000\040\000T\000e\000s\000t\000s\000\040\000\050\000T\000D\000D\000\040\000A\000p\000p\000r\000o\000a\000c\000h\000\051}{section.3}% 15
\BOOKMARK [3][-]{subsubsection.3.1.1}{\376\377\000P\000h\000\341\000t\000\040\000t\000r\000i\036\303\000n\000\040\000u\000n\000i\000t\000\040\000t\000e\000s\000t\000s\000\040\000c\000h\000o\000\040\000v\000a\000l\000i\000d\000a\000t\000i\000o\000n\000\040\000m\000o\000d\000u\000l\000e\000\040\000c\036\347\000a\000\040\000L\000o\000g\000i\000n}{subsection.3.1}% 16
\BOOKMARK [3][-]{subsubsection.3.1.2}{\376\377\000P\000h\000\341\000t\000\040\000t\000r\000i\036\303\000n\000\040\000u\000n\000i\000t\000\040\000t\000e\000s\000t\000s\000\040\000c\000h\000o\000\040\000v\000a\000l\000i\000d\000a\000t\000i\000o\000n\000\040\000m\000o\000d\000u\000l\000e\000\040\000c\036\347\000a\000\040\000P\000r\000o\000d\000u\000c\000t}{subsection.3.1}% 17
\BOOKMARK [2][-]{subsection.3.2}{\376\377\000B\000a\000c\000k\000e\000n\000d\000\040\000U\000n\000i\000t\000\040\000T\000e\000s\000t\000s\000\040\000\050\000J\000U\000n\000i\000t\000\040\0005\000\051}{section.3}% 18
\BOOKMARK [3][-]{subsubsection.3.2.1}{\376\377\000L\000o\000g\000i\000n\000\040\000S\000e\000r\000v\000i\000c\000e\000\040\000T\000e\000s\000t\000s}{subsection.3.2}% 19
\BOOKMARK [3][-]{subsubsection.3.2.2}{\376\377\000P\000r\000o\000d\000u\000c\000t\000\040\000S\000e\000r\000v\000i\000c\000e\000\040\000T\000e\000s\000t\000s}{subsection.3.2}% 20
\BOOKMARK [1][-]{section.4}{\376\377\000C\000\302\000U\000\040\0003\000:\000\040\000I\000N\000T\000E\000G\000R\000A\000T\000I\000O\000N\000\040\000T\000E\000S\000T\000I\000N\000G}{}% 21
\BOOKMARK [2][-]{subsection.4.1}{\376\377\000L\000o\000g\000i\000n\000\040\000-\000\040\000I\000n\000t\000e\000g\000r\000a\000t\000i\000o\000n\000\040\000T\000e\000s\000t\000i\000n\000g}{section.4}% 22
\BOOKMARK [3][-]{subsubsection.4.1.1}{\376\377\000T\000e\000s\000t\000\040\000t\000\355\000c\000h\000\040\000h\036\343\000p\000\040\000L\000o\000g\000i\000n\000\040\000c\000o\000m\000p\000o\000n\000e\000n\000t\000\040\000v\036\333\000i\000\040\000A\000P\000I\000\040\000s\000e\000r\000v\000i\000c\000e}{subsection.4.1}% 23
\BOOKMARK [3][-]{subsubsection.4.1.2}{\376\377\000T\000e\000s\000t\000\040\000A\000P\000I\000\040\000e\000n\000d\000p\000o\000i\000n\000t\000s\000\040\000c\036\347\000a\000\040\000L\000o\000g\000i\000n\000\040\000v\036\333\000i\000\040\000M\000o\000c\000k\000M\000v\000c}{subsection.4.1}% 24
\BOOKMARK [2][-]{subsection.4.2}{\376\377\000P\000r\000o\000d\000u\000c\000t\000\040\000-\000\040\000I\000n\000t\000e\000g\000r\000a\000t\000i\000o\000n\000\040\000T\000e\000s\000t\000i\000n\000g}{section.4}% 25
\BOOKMARK [3][-]{subsubsection.4.2.1}{\376\377\000T\000e\000s\000t\000\040\000P\000r\000o\000d\000u\000c\000t\000\040\000c\000o\000m\000p\000o\000n\000e\000n\000t\000\040\000v\036\333\000i\000\040\000A\000P\000I\000\040\000s\000e\000r\000v\000i\000c\000e}{subsection.4.2}% 26
\BOOKMARK [3][-]{subsubsection.4.2.2}{\376\377\000T\000e\000s\000t\000\040\000c\000\341\000c\000\040\000A\000P\000I\000\040\000e\000n\000d\000p\000o\000i\000n\000t\000s\000\040\000c\036\347\000a\000\040\000P\000r\000o\000d\000u\000c\000t}{subsection.4.2}% 27
\BOOKMARK [1][-]{section.5}{\376\377\000C\000\302\000U\000\040\0004\000:\000\040\000M\000O\000C\000K\000\040\000T\000E\000S\000T\000I\000N\000G}{}% 28
\BOOKMARK [2][-]{subsection.5.1}{\376\377\000L\000o\000g\000i\000n\000\040\000-\000\040\000M\000o\000c\000k\000\040\000T\000e\000s\000t\000i\000n\000g}{section.5}% 29
\BOOKMARK [3][-]{subsubsection.5.1.1}{\376\377\000F\000r\000o\000n\000t\000e\000n\000d\000\040\000M\000o\000c\000k\000i\000n\000g}{subsection.5.1}% 30
\BOOKMARK [3][-]{subsubsection.5.1.2}{\376\377\000B\000a\000c\000k\000e\000n\000d\000\040\000M\000o\000c\000k\000i\000n\000g}{subsection.5.1}% 31
\BOOKMARK [2][-]{subsection.5.2}{\376\377\000P\000r\000o\000d\000u\000c\000t\000\040\000-\000\040\000M\000o\000c\000k\000\040\000T\000e\000s\000t\000i\000n\000g}{section.5}% 32
\BOOKMARK [3][-]{subsubsection.5.2.1}{\376\377\000F\000r\000o\000n\000t\000e\000n\000d\000\040\000M\000o\000c\000k\000i\000n\000g}{subsection.5.2}% 33
\BOOKMARK [3][-]{subsubsection.5.2.2}{\376\377\000B\000a\000c\000k\000e\000n\000d\000\040\000P\000r\000o\000d\000u\000c\000t\000R\000e\000p\000o\000s\000i\000t\000o\000r\000y\000\040\000M\000o\000c\000k\000i\000n\000g}{subsection.5.2}% 34
\BOOKMARK [1][-]{section.6}{\376\377\000C\000\302\000U\000\040\0005\000:\000\040\000A\000U\000T\000O\000M\000A\000T\000I\000O\000N\000\040\000T\000E\000S\000T\000I\000N\000G\000\040\000V\000\300\000\040\000C\000I\000/\000C\000D}{}% 35
\BOOKMARK [2][-]{subsection.6.1}{\376\377\000E\0002\000E\000\040\000T\000e\000s\000t\000i\000n\000g\000\040\000v\036\333\000i\000\040\000C\000y\000p\000r\000e\000s\000s}{section.6}% 36
\BOOKMARK [2][-]{subsection.6.2}{\376\377\000C\000I\000/\000C\000D\000\040\000v\036\333\000i\000\040\000G\000i\000t\000H\000u\000b\000\040\000A\000c\000t\000i\000o\000n\000s}{section.6}% 37
\BOOKMARK [1][-]{section.7}{\376\377\000P\000H\036\246\000N\000\040\000M\036\336\000\040\000R\036\330\000N\000G\000\040\000\050\000B\000O\000N\000U\000S\000\051}{}% 38
\BOOKMARK [2][-]{subsection.7.1}{\376\377\000P\000e\000r\000f\000o\000r\000m\000a\000n\000c\000e\000\040\000T\000e\000s\000t\000i\000n\000g}{section.7}% 39
\BOOKMARK [3][-]{subsubsection.7.1.1}{\376\377\000k\0006\000\040\000S\000c\000r\000i\000p\000t\000\040\000c\000h\000o\000\040\000L\000o\000g\000i\000n\000\040\000A\000P\000I}{subsection.7.1}% 40
\BOOKMARK [2][-]{subsection.7.2}{\376\377\000S\000e\000c\000u\000r\000i\000t\000y\000\040\000T\000e\000s\000t\000i\000n\000g}{section.7}% 41
\BOOKMARK [1][-]{section.8}{\376\377\000K\036\276\000T\000\040\000L\000U\036\254\000N}{}% 42
\BOOKMARK [2][-]{subsection.8.1}{\376\377\000T\000\340\000i\000\040\000l\000i\036\307\000u\000\040\000t\000h\000a\000m\000\040\000k\000h\036\243\000o}{section.8}% 43
